[     365ms] [INFO] %cDownload the React DevTools for a better development experience: https://react.dev/link/react-devtools font-weight:bold @ http://localhost:3002/_next/static/chunks/0qqz_next_dist_0jtsec6._.js:776
[     413ms] [LOG] [HMR] connected @ http://localhost:3002/_next/static/chunks/0qqz_next_dist_0jtsec6._.js:776
[  682830ms] [INFO] %cDownload the React DevTools for a better development experience: https://react.dev/link/react-devtools font-weight:bold @ http://localhost:3002/_next/static/chunks/0qqz_next_dist_0jtsec6._.js:776
[  682875ms] [LOG] [HMR] connected @ http://localhost:3002/_next/static/chunks/0qqz_next_dist_0jtsec6._.js:776
[  939492ms] [INFO] %cDownload the React DevTools for a better development experience: https://react.dev/link/react-devtools font-weight:bold @ http://localhost:3002/_next/static/chunks/0qqz_next_dist_0jtsec6._.js:776
[  939541ms] [LOG] [HMR] connected @ http://localhost:3002/_next/static/chunks/0qqz_next_dist_0jtsec6._.js:776
[ 1194077ms] [INFO] %cDownload the React DevTools for a better development experience: https://react.dev/link/react-devtools font-weight:bold @ http://localhost:3002/_next/static/chunks/0qqz_next_dist_0jtsec6._.js:776
[ 1194114ms] [LOG] [HMR] connected @ http://localhost:3002/_next/static/chunks/0qqz_next_dist_0jtsec6._.js:776
[ 1435663ms] [INFO] %cDownload the React DevTools for a better development experience: https://react.dev/link/react-devtools font-weight:bold @ http://localhost:3002/_next/static/chunks/0qqz_next_dist_0jtsec6._.js:776
[ 1435700ms] [LOG] [HMR] connected @ http://localhost:3002/_next/static/chunks/0qqz_next_dist_0jtsec6._.js:776
[ 2218659ms] [LOG] [Fast Refresh] rebuilding @ http://localhost:3002/_next/static/chunks/0qqz_next_dist_0jtsec6._.js:776
[ 2218791ms] [LOG] [Fast Refresh] done in 119ms @ http://localhost:3002/_next/static/chunks/0qqz_next_dist_0jtsec6._.js:776
[ 2218878ms] [LOG] [Fast Refresh] done in 119ms @ http://localhost:3002/_next/static/chunks/0qqz_next_dist_0jtsec6._.js:776
[ 2219458ms] [LOG] [Fast Refresh] done in 119ms @ http://localhost:3002/_next/static/chunks/0qqz_next_dist_0jtsec6._.js:776
[ 2220474ms] [LOG] [Fast Refresh] done in 119ms @ http://localhost:3002/_next/static/chunks/0qqz_next_dist_0jtsec6._.js:776
[ 2221467ms] [LOG] [Fast Refresh] done in 119ms @ http://localhost:3002/_next/static/chunks/0qqz_next_dist_0jtsec6._.js:776
[ 2222478ms] [LOG] [Fast Refresh] done in 119ms @ http://localhost:3002/_next/static/chunks/0qqz_next_dist_0jtsec6._.js:776
[ 2223475ms] [LOG] [Fast Refresh] done in 119ms @ http://localhost:3002/_next/static/chunks/0qqz_next_dist_0jtsec6._.js:776
[ 2224487ms] [LOG] [Fast Refresh] done in 119ms @ http://localhost:3002/_next/static/chunks/0qqz_next_dist_0jtsec6._.js:776
[ 2225508ms] [LOG] [Fast Refresh] done in 119ms @ http://localhost:3002/_next/static/chunks/0qqz_next_dist_0jtsec6._.js:776
[ 2226496ms] [LOG] [Fast Refresh] done in 119ms @ http://localhost:3002/_next/static/chunks/0qqz_next_dist_0jtsec6._.js:776
[ 2227508ms] [LOG] [Fast Refresh] done in 119ms @ http://localhost:3002/_next/static/chunks/0qqz_next_dist_0jtsec6._.js:776
[ 2228516ms] [LOG] [Fast Refresh] done in 119ms @ http://localhost:3002/_next/static/chunks/0qqz_next_dist_0jtsec6._.js:776
[ 2229529ms] [LOG] [Fast Refresh] done in 119ms @ http://localhost:3002/_next/static/chunks/0qqz_next_dist_0jtsec6._.js:776
[ 2230544ms] [LOG] [Fast Refresh] done in 119ms @ http://localhost:3002/_next/static/chunks/0qqz_next_dist_0jtsec6._.js:776
[ 2231415ms] [LOG] [Fast Refresh] rebuilding @ http://localhost:3002/_next/static/chunks/0qqz_next_dist_0jtsec6._.js:776
[ 2231619ms] [LOG] [Fast Refresh] done in 279ms @ http://localhost:3002/_next/static/chunks/0qqz_next_dist_0jtsec6._.js:776
[ 2232557ms] [LOG] [Fast Refresh] done in 279ms @ http://localhost:3002/_next/static/chunks/0qqz_next_dist_0jtsec6._.js:776
[ 2233556ms] [LOG] [Fast Refresh] done in 279ms @ http://localhost:3002/_next/static/chunks/0qqz_next_dist_0jtsec6._.js:776
[ 2234576ms] [LOG] [Fast Refresh] done in 279ms @ http://localhost:3002/_next/static/chunks/0qqz_next_dist_0jtsec6._.js:776
[ 2235582ms] [LOG] [Fast Refresh] done in 279ms @ http://localhost:3002/_next/static/chunks/0qqz_next_dist_0jtsec6._.js:776
[ 2236595ms] [LOG] [Fast Refresh] done in 279ms @ http://localhost:3002/_next/static/chunks/0qqz_next_dist_0jtsec6._.js:776
[ 2237603ms] [LOG] [Fast Refresh] done in 279ms @ http://localhost:3002/_next/static/chunks/0qqz_next_dist_0jtsec6._.js:776
[ 2238611ms] [LOG] [Fast Refresh] done in 279ms @ http://localhost:3002/_next/static/chunks/0qqz_next_dist_0jtsec6._.js:776
[ 2239630ms] [LOG] [Fast Refresh] done in 279ms @ http://localhost:3002/_next/static/chunks/0qqz_next_dist_0jtsec6._.js:776
[ 2240626ms] [LOG] [Fast Refresh] done in 279ms @ http://localhost:3002/_next/static/chunks/0qqz_next_dist_0jtsec6._.js:776
[ 2241632ms] [LOG] [Fast Refresh] done in 279ms @ http://localhost:3002/_next/static/chunks/0qqz_next_dist_0jtsec6._.js:776
[ 2242643ms] [LOG] [Fast Refresh] done in 279ms @ http://localhost:3002/_next/static/chunks/0qqz_next_dist_0jtsec6._.js:776
[ 2243651ms] [LOG] [Fast Refresh] done in 279ms @ http://localhost:3002/_next/static/chunks/0qqz_next_dist_0jtsec6._.js:776
[ 2244647ms] [LOG] [Fast Refresh] done in 279ms @ http://localhost:3002/_next/static/chunks/0qqz_next_dist_0jtsec6._.js:776
[ 2245658ms] [LOG] [Fast Refresh] done in 279ms @ http://localhost:3002/_next/static/chunks/0qqz_next_dist_0jtsec6._.js:776
[ 2246670ms] [LOG] [Fast Refresh] done in 279ms @ http://localhost:3002/_next/static/chunks/0qqz_next_dist_0jtsec6._.js:776
[ 2247697ms] [LOG] [Fast Refresh] done in 279ms @ http://localhost:3002/_next/static/chunks/0qqz_next_dist_0jtsec6._.js:776
[ 2248688ms] [LOG] [Fast Refresh] done in 279ms @ http://localhost:3002/_next/static/chunks/0qqz_next_dist_0jtsec6._.js:776
[ 2249702ms] [LOG] [Fast Refresh] done in 279ms @ http://localhost:3002/_next/static/chunks/0qqz_next_dist_0jtsec6._.js:776
[ 2250710ms] [LOG] [Fast Refresh] done in 279ms @ http://localhost:3002/_next/static/chunks/0qqz_next_dist_0jtsec6._.js:776
[ 2251720ms] [LOG] [Fast Refresh] done in 279ms @ http://localhost:3002/_next/static/chunks/0qqz_next_dist_0jtsec6._.js:776
[ 2252723ms] [LOG] [Fast Refresh] done in 279ms @ http://localhost:3002/_next/static/chunks/0qqz_next_dist_0jtsec6._.js:776
[ 2253729ms] [LOG] [Fast Refresh] done in 279ms @ http://localhost:3002/_next/static/chunks/0qqz_next_dist_0jtsec6._.js:776
[ 2254740ms] [LOG] [Fast Refresh] done in 279ms @ http://localhost:3002/_next/static/chunks/0qqz_next_dist_0jtsec6._.js:776
[ 2255741ms] [LOG] [Fast Refresh] done in 279ms @ http://localhost:3002/_next/static/chunks/0qqz_next_dist_0jtsec6._.js:776
[ 2256742ms] [LOG] [Fast Refresh] done in 279ms @ http://localhost:3002/_next/static/chunks/0qqz_next_dist_0jtsec6._.js:776
[ 2257790ms] [LOG] [Fast Refresh] done in 279ms @ http://localhost:3002/_next/static/chunks/0qqz_next_dist_0jtsec6._.js:776
[ 2258761ms] [LOG] [Fast Refresh] done in 279ms @ http://localhost:3002/_next/static/chunks/0qqz_next_dist_0jtsec6._.js:776
[ 2259773ms] [LOG] [Fast Refresh] done in 279ms @ http://localhost:3002/_next/static/chunks/0qqz_next_dist_0jtsec6._.js:776
[ 2260770ms] [LOG] [Fast Refresh] done in 279ms @ http://localhost:3002/_next/static/chunks/0qqz_next_dist_0jtsec6._.js:776
[ 2261791ms] [LOG] [Fast Refresh] done in 279ms @ http://localhost:3002/_next/static/chunks/0qqz_next_dist_0jtsec6._.js:776
[ 2262793ms] [LOG] [Fast Refresh] done in 279ms @ http://localhost:3002/_next/static/chunks/0qqz_next_dist_0jtsec6._.js:776
[ 2263809ms] [LOG] [Fast Refresh] done in 279ms @ http://localhost:3002/_next/static/chunks/0qqz_next_dist_0jtsec6._.js:776
[ 2264804ms] [LOG] [Fast Refresh] done in 279ms @ http://localhost:3002/_next/static/chunks/0qqz_next_dist_0jtsec6._.js:776
[ 2265815ms] [LOG] [Fast Refresh] done in 279ms @ http://localhost:3002/_next/static/chunks/0qqz_next_dist_0jtsec6._.js:776
[ 2266835ms] [LOG] [Fast Refresh] done in 279ms @ http://localhost:3002/_next/static/chunks/0qqz_next_dist_0jtsec6._.js:776
[ 2267813ms] [LOG] [Fast Refresh] done in 279ms @ http://localhost:3002/_next/static/chunks/0qqz_next_dist_0jtsec6._.js:776
[ 2268868ms] [LOG] [Fast Refresh] done in 279ms @ http://localhost:3002/_next/static/chunks/0qqz_next_dist_0jtsec6._.js:776
[ 2269834ms] [LOG] [Fast Refresh] done in 279ms @ http://localhost:3002/_next/static/chunks/0qqz_next_dist_0jtsec6._.js:776
[ 2270836ms] [LOG] [Fast Refresh] done in 279ms @ http://localhost:3002/_next/static/chunks/0qqz_next_dist_0jtsec6._.js:776
[ 2271848ms] [LOG] [Fast Refresh] done in 279ms @ http://localhost:3002/_next/static/chunks/0qqz_next_dist_0jtsec6._.js:776
[ 2272855ms] [LOG] [Fast Refresh] done in 279ms @ http://localhost:3002/_next/static/chunks/0qqz_next_dist_0jtsec6._.js:776
[ 2273874ms] [LOG] [Fast Refresh] done in 279ms @ http://localhost:3002/_next/static/chunks/0qqz_next_dist_0jtsec6._.js:776
[ 2274890ms] [LOG] [Fast Refresh] done in 279ms @ http://localhost:3002/_next/static/chunks/0qqz_next_dist_0jtsec6._.js:776
[ 2275416ms] [LOG] [Fast Refresh] done in 279ms @ http://localhost:3002/_next/static/chunks/0qqz_next_dist_0jtsec6._.js:776
[ 2275877ms] [LOG] [Fast Refresh] done in 279ms @ http://localhost:3002/_next/static/chunks/0qqz_next_dist_0jtsec6._.js:776
[ 2276884ms] [LOG] [Fast Refresh] done in 279ms @ http://localhost:3002/_next/static/chunks/0qqz_next_dist_0jtsec6._.js:776
[ 2277892ms] [LOG] [Fast Refresh] done in 279ms @ http://localhost:3002/_next/static/chunks/0qqz_next_dist_0jtsec6._.js:776
[ 2278895ms] [LOG] [Fast Refresh] done in 279ms @ http://localhost:3002/_next/static/chunks/0qqz_next_dist_0jtsec6._.js:776
[ 2279900ms] [LOG] [Fast Refresh] done in 279ms @ http://localhost:3002/_next/static/chunks/0qqz_next_dist_0jtsec6._.js:776
[ 2280910ms] [LOG] [Fast Refresh] done in 279ms @ http://localhost:3002/_next/static/chunks/0qqz_next_dist_0jtsec6._.js:776
[ 2281207ms] [LOG] [Fast Refresh] done in 279ms @ http://localhost:3002/_next/static/chunks/0qqz_next_dist_0jtsec6._.js:776
[ 2281918ms] [LOG] [Fast Refresh] done in 279ms @ http://localhost:3002/_next/static/chunks/0qqz_next_dist_0jtsec6._.js:776
[ 2282928ms] [LOG] [Fast Refresh] done in 279ms @ http://localhost:3002/_next/static/chunks/0qqz_next_dist_0jtsec6._.js:776
[ 2283935ms] [LOG] [Fast Refresh] done in 279ms @ http://localhost:3002/_next/static/chunks/0qqz_next_dist_0jtsec6._.js:776
[ 2284955ms] [LOG] [Fast Refresh] done in 279ms @ http://localhost:3002/_next/static/chunks/0qqz_next_dist_0jtsec6._.js:776
[ 2285964ms] [LOG] [Fast Refresh] done in 279ms @ http://localhost:3002/_next/static/chunks/0qqz_next_dist_0jtsec6._.js:776
[ 2286972ms] [LOG] [Fast Refresh] done in 279ms @ http://localhost:3002/_next/static/chunks/0qqz_next_dist_0jtsec6._.js:776
[ 2287987ms] [LOG] [Fast Refresh] done in 279ms @ http://localhost:3002/_next/static/chunks/0qqz_next_dist_0jtsec6._.js:776
[ 2288992ms] [LOG] [Fast Refresh] done in 279ms @ http://localhost:3002/_next/static/chunks/0qqz_next_dist_0jtsec6._.js:776
[ 2289210ms] [LOG] [Fast Refresh] done in 279ms @ http://localhost:3002/_next/static/chunks/0qqz_next_dist_0jtsec6._.js:776
[ 2289539ms] [LOG] [Fast Refresh] done in 279ms @ http://localhost:3002/_next/static/chunks/0qqz_next_dist_0jtsec6._.js:776
[ 2289856ms] [LOG] [Fast Refresh] done in 279ms @ http://localhost:3002/_next/static/chunks/0qqz_next_dist_0jtsec6._.js:776
[ 2289995ms] [LOG] [Fast Refresh] done in 279ms @ http://localhost:3002/_next/static/chunks/0qqz_next_dist_0jtsec6._.js:776
[ 2290314ms] [LOG] [Fast Refresh] done in 279ms @ http://localhost:3002/_next/static/chunks/0qqz_next_dist_0jtsec6._.js:776
[ 2290370ms] [LOG] [Fast Refresh] done in 279ms @ http://localhost:3002/_next/static/chunks/0qqz_next_dist_0jtsec6._.js:776
[ 2290998ms] [LOG] [Fast Refresh] done in 279ms @ http://localhost:3002/_next/static/chunks/0qqz_next_dist_0jtsec6._.js:776
[ 2292013ms] [LOG] [Fast Refresh] done in 279ms @ http://localhost:3002/_next/static/chunks/0qqz_next_dist_0jtsec6._.js:776
[ 2293026ms] [LOG] [Fast Refresh] done in 279ms @ http://localhost:3002/_next/static/chunks/0qqz_next_dist_0jtsec6._.js:776
[ 2293560ms] [LOG] [Fast Refresh] done in 279ms @ http://localhost:3002/_next/static/chunks/0qqz_next_dist_0jtsec6._.js:776
[ 2294029ms] [LOG] [Fast Refresh] done in 279ms @ http://localhost:3002/_next/static/chunks/0qqz_next_dist_0jtsec6._.js:776
[ 2294340ms] [LOG] [Fast Refresh] done in 279ms @ http://localhost:3002/_next/static/chunks/0qqz_next_dist_0jtsec6._.js:776
[ 2295032ms] [LOG] [Fast Refresh] done in 279ms @ http://localhost:3002/_next/static/chunks/0qqz_next_dist_0jtsec6._.js:776
[ 2295299ms] [LOG] [Fast Refresh] done in 279ms @ http://localhost:3002/_next/static/chunks/0qqz_next_dist_0jtsec6._.js:776
[ 2295813ms] [LOG] [Fast Refresh] done in 279ms @ http://localhost:3002/_next/static/chunks/0qqz_next_dist_0jtsec6._.js:776
[ 2296049ms] [LOG] [Fast Refresh] done in 279ms @ http://localhost:3002/_next/static/chunks/0qqz_next_dist_0jtsec6._.js:776
[ 2297057ms] [LOG] [Fast Refresh] done in 279ms @ http://localhost:3002/_next/static/chunks/0qqz_next_dist_0jtsec6._.js:776
[ 2298067ms] [LOG] [Fast Refresh] done in 279ms @ http://localhost:3002/_next/static/chunks/0qqz_next_dist_0jtsec6._.js:776
[ 2299078ms] [LOG] [Fast Refresh] done in 279ms @ http://localhost:3002/_next/static/chunks/0qqz_next_dist_0jtsec6._.js:776
[ 2300116ms] [LOG] [Fast Refresh] done in 279ms @ http://localhost:3002/_next/static/chunks/0qqz_next_dist_0jtsec6._.js:776
[ 2301101ms] [LOG] [Fast Refresh] done in 279ms @ http://localhost:3002/_next/static/chunks/0qqz_next_dist_0jtsec6._.js:776
[ 2302101ms] [LOG] [Fast Refresh] done in 279ms @ http://localhost:3002/_next/static/chunks/0qqz_next_dist_0jtsec6._.js:776
[ 2303109ms] [LOG] [Fast Refresh] done in 279ms @ http://localhost:3002/_next/static/chunks/0qqz_next_dist_0jtsec6._.js:776
[ 2304125ms] [LOG] [Fast Refresh] done in 279ms @ http://localhost:3002/_next/static/chunks/0qqz_next_dist_0jtsec6._.js:776
[ 2305135ms] [LOG] [Fast Refresh] done in 279ms @ http://localhost:3002/_next/static/chunks/0qqz_next_dist_0jtsec6._.js:776
[ 2306159ms] [LOG] [Fast Refresh] done in 279ms @ http://localhost:3002/_next/static/chunks/0qqz_next_dist_0jtsec6._.js:776
[ 2307159ms] [LOG] [Fast Refresh] done in 279ms @ http://localhost:3002/_next/static/chunks/0qqz_next_dist_0jtsec6._.js:776
[ 2308186ms] [LOG] [Fast Refresh] done in 279ms @ http://localhost:3002/_next/static/chunks/0qqz_next_dist_0jtsec6._.js:776
[ 2309183ms] [LOG] [Fast Refresh] done in 279ms @ http://localhost:3002/_next/static/chunks/0qqz_next_dist_0jtsec6._.js:776
[ 2310197ms] [LOG] [Fast Refresh] done in 279ms @ http://localhost:3002/_next/static/chunks/0qqz_next_dist_0jtsec6._.js:776
[ 2311209ms] [LOG] [Fast Refresh] done in 279ms @ http://localhost:3002/_next/static/chunks/0qqz_next_dist_0jtsec6._.js:776
[ 2312224ms] [LOG] [Fast Refresh] done in 279ms @ http://localhost:3002/_next/static/chunks/0qqz_next_dist_0jtsec6._.js:776
[ 2313253ms] [LOG] [Fast Refresh] done in 279ms @ http://localhost:3002/_next/static/chunks/0qqz_next_dist_0jtsec6._.js:776
[ 2314242ms] [LOG] [Fast Refresh] done in 279ms @ http://localhost:3002/_next/static/chunks/0qqz_next_dist_0jtsec6._.js:776
[ 2315244ms] [LOG] [Fast Refresh] done in 279ms @ http://localhost:3002/_next/static/chunks/0qqz_next_dist_0jtsec6._.js:776
[ 2316252ms] [LOG] [Fast Refresh] done in 279ms @ http://localhost:3002/_next/static/chunks/0qqz_next_dist_0jtsec6._.js:776
[ 2317264ms] [LOG] [Fast Refresh] done in 279ms @ http://localhost:3002/_next/static/chunks/0qqz_next_dist_0jtsec6._.js:776
[ 2318270ms] [LOG] [Fast Refresh] done in 279ms @ http://localhost:3002/_next/static/chunks/0qqz_next_dist_0jtsec6._.js:776
[ 2319271ms] [LOG] [Fast Refresh] done in 279ms @ http://localhost:3002/_next/static/chunks/0qqz_next_dist_0jtsec6._.js:776
[ 2320278ms] [LOG] [Fast Refresh] done in 279ms @ http://localhost:3002/_next/static/chunks/0qqz_next_dist_0jtsec6._.js:776
[ 2321293ms] [LOG] [Fast Refresh] done in 279ms @ http://localhost:3002/_next/static/chunks/0qqz_next_dist_0jtsec6._.js:776
[ 2322305ms] [LOG] [Fast Refresh] done in 279ms @ http://localhost:3002/_next/static/chunks/0qqz_next_dist_0jtsec6._.js:776
[ 2323320ms] [LOG] [Fast Refresh] done in 279ms @ http://localhost:3002/_next/static/chunks/0qqz_next_dist_0jtsec6._.js:776
[ 2324334ms] [LOG] [Fast Refresh] done in 279ms @ http://localhost:3002/_next/static/chunks/0qqz_next_dist_0jtsec6._.js:776
[ 2325324ms] [LOG] [Fast Refresh] done in 279ms @ http://localhost:3002/_next/static/chunks/0qqz_next_dist_0jtsec6._.js:776
[ 2326336ms] [LOG] [Fast Refresh] done in 279ms @ http://localhost:3002/_next/static/chunks/0qqz_next_dist_0jtsec6._.js:776
[ 2327351ms] [LOG] [Fast Refresh] done in 279ms @ http://localhost:3002/_next/static/chunks/0qqz_next_dist_0jtsec6._.js:776
[ 2517542ms] [ERROR] Warning: Instance created by `useForm` is not connected to any Form element. Forget to pass `form` prop? @ http://localhost:3002/_next/static/chunks/0qqz_next_dist_0jtsec6._.js:1052
[ 2571060ms] [LOG] [Fast Refresh] rebuilding @ http://localhost:3002/_next/static/chunks/0qqz_next_dist_0jtsec6._.js:776
[ 2571175ms] [LOG] [Fast Refresh] done in 92ms @ http://localhost:3002/_next/static/chunks/0qqz_next_dist_0jtsec6._.js:776
[ 2571234ms] [LOG] [Fast Refresh] done in 92ms @ http://localhost:3002/_next/static/chunks/0qqz_next_dist_0jtsec6._.js:776
[ 2572013ms] [LOG] [Fast Refresh] done in 92ms @ http://localhost:3002/_next/static/chunks/0qqz_next_dist_0jtsec6._.js:776
[ 2573027ms] [LOG] [Fast Refresh] done in 92ms @ http://localhost:3002/_next/static/chunks/0qqz_next_dist_0jtsec6._.js:776
[ 2574040ms] [LOG] [Fast Refresh] done in 92ms @ http://localhost:3002/_next/static/chunks/0qqz_next_dist_0jtsec6._.js:776
[ 2575052ms] [LOG] [Fast Refresh] done in 92ms @ http://localhost:3002/_next/static/chunks/0qqz_next_dist_0jtsec6._.js:776
[ 2576067ms] [LOG] [Fast Refresh] done in 92ms @ http://localhost:3002/_next/static/chunks/0qqz_next_dist_0jtsec6._.js:776
[ 2577095ms] [LOG] [Fast Refresh] done in 92ms @ http://localhost:3002/_next/static/chunks/0qqz_next_dist_0jtsec6._.js:776
[ 2578099ms] [LOG] [Fast Refresh] done in 92ms @ http://localhost:3002/_next/static/chunks/0qqz_next_dist_0jtsec6._.js:776
[ 2579103ms] [LOG] [Fast Refresh] done in 92ms @ http://localhost:3002/_next/static/chunks/0qqz_next_dist_0jtsec6._.js:776
[ 2580115ms] [LOG] [Fast Refresh] done in 92ms @ http://localhost:3002/_next/static/chunks/0qqz_next_dist_0jtsec6._.js:776
[ 2581138ms] [LOG] [Fast Refresh] done in 92ms @ http://localhost:3002/_next/static/chunks/0qqz_next_dist_0jtsec6._.js:776
[ 2582125ms] [LOG] [Fast Refresh] done in 92ms @ http://localhost:3002/_next/static/chunks/0qqz_next_dist_0jtsec6._.js:776
[ 2583140ms] [LOG] [Fast Refresh] done in 92ms @ http://localhost:3002/_next/static/chunks/0qqz_next_dist_0jtsec6._.js:776
[ 2584136ms] [LOG] [Fast Refresh] done in 92ms @ http://localhost:3002/_next/static/chunks/0qqz_next_dist_0jtsec6._.js:776
[ 2585151ms] [LOG] [Fast Refresh] done in 92ms @ http://localhost:3002/_next/static/chunks/0qqz_next_dist_0jtsec6._.js:776
[ 2586121ms] [INFO] %cDownload the React DevTools for a better development experience: https://react.dev/link/react-devtools font-weight:bold @ http://localhost:3002/_next/static/chunks/0qqz_next_dist_0jtsec6._.js:776
[ 2586150ms] [LOG] [HMR] connected @ http://localhost:3002/_next/static/chunks/0qqz_next_dist_0jtsec6._.js:776
[ 2586357ms] Error: Hydration failed because the server rendered HTML didn't match the client. As a result this tree will be regenerated on the client. This can happen if a SSR-ed Client Component used:

- A server/client branch `if (typeof window !== 'undefined')`.
- Variable input such as `Date.now()` or `Math.random()` which changes each time it's called.
- Date formatting in a user's locale which doesn't match the server.
- External changing data without sending a snapshot of it along with the HTML.
- Invalid HTML tag nesting.

It can also happen if the client has a browser extension installed which messes with the HTML before React loaded.

https://react.dev/link/hydration-mismatch

  ...
    <main className="ant-layout..." ref={null}>
      <CategoryManagement>
        <Notifications>
        <div>
        <Modal title="新增二级分类" open={false} okText="保存" cancelText="取消" okButtonProps={{loading:false}} ...>
          <ContextIsolator form={true} space={true}>
            <NoCompactStyle>
              <NoFormStyle override={true} status={true}>
                <Dialog width={520} title="新增二级分类" okText="保存" cancelText="取消" forceRender={true} zIndex={undefined} ...>
                  <Portal open={true} onEsc={function onEsc} autoDestroy={false} getContainer={undefined} ...>
                    <Dialog width={520} title="新增二级分类" okText="保存" cancelText="取消" forceRender={true} zIndex={undefined} ...>
+                     <div
+                       className="ant-modal-root css-dev-only-do-not-override-19u5a7b css-var-_R_lb_ ant-modal-css-var"
+                       style={undefined}
+                     >

    at throwOnHydrationMismatch (http://localhost:3002/_next/static/chunks/0qqz_next_dist_compiled_react-dom_16dtbru._.js:3120:56)
    at beginWork (http://localhost:3002/_next/static/chunks/0qqz_next_dist_compiled_react-dom_16dtbru._.js:6585:918)
    at runWithFiberInDEV (http://localhost:3002/_next/static/chunks/0qqz_next_dist_compiled_react-dom_16dtbru._.js:761:74)
    at performUnitOfWork (http://localhost:3002/_next/static/chunks/0qqz_next_dist_compiled_react-dom_16dtbru._.js:9385:97)
    at workLoopConcurrentByScheduler (http://localhost:3002/_next/static/chunks/0qqz_next_dist_compiled_react-dom_16dtbru._.js:9381:58)
    at renderRootConcurrent (http://localhost:3002/_next/static/chunks/0qqz_next_dist_compiled_react-dom_16dtbru._.js:9364:71)
    at performWorkOnRoot (http://localhost:3002/_next/static/chunks/0qqz_next_dist_compiled_react-dom_16dtbru._.js:8891:150)
    at performWorkOnRootViaSchedulerTask (http://localhost:3002/_next/static/chunks/0qqz_next_dist_compiled_react-dom_16dtbru._.js:10085:9)
    at MessagePort.performWorkUntilDeadline (http://localhost:3002/_next/static/chunks/0qqz_next_dist_compiled_05ngfts._.js:2647:64)
[ 2768300ms] [LOG] [Fast Refresh] rebuilding @ http://localhost:3002/_next/static/chunks/0qqz_next_dist_0jtsec6._.js:776
[ 2768431ms] [LOG] [Fast Refresh] done in 167ms @ http://localhost:3002/_next/static/chunks/0qqz_next_dist_0jtsec6._.js:776
[ 2768481ms] [LOG] [Fast Refresh] done in 167ms @ http://localhost:3002/_next/static/chunks/0qqz_next_dist_0jtsec6._.js:776
[ 2771886ms] [LOG] [Fast Refresh] done in 167ms @ http://localhost:3002/_next/static/chunks/0qqz_next_dist_0jtsec6._.js:776
[ 2773177ms] [LOG] [Fast Refresh] done in 167ms @ http://localhost:3002/_next/static/chunks/0qqz_next_dist_0jtsec6._.js:776
[ 2820884ms] [LOG] [Fast Refresh] done in 167ms @ http://localhost:3002/_next/static/chunks/0qqz_next_dist_0jtsec6._.js:776
[ 2868768ms] [LOG] [Fast Refresh] rebuilding @ http://localhost:3002/_next/static/chunks/0qqz_next_dist_0jtsec6._.js:776
[ 2868834ms] [LOG] [Fast Refresh] done in 40ms @ http://localhost:3002/_next/static/chunks/0qqz_next_dist_0jtsec6._.js:776
[ 2868869ms] [LOG] [Fast Refresh] done in 40ms @ http://localhost:3002/_next/static/chunks/0qqz_next_dist_0jtsec6._.js:776
[ 2868911ms] [LOG] [Fast Refresh] done in 40ms @ http://localhost:3002/_next/static/chunks/0qqz_next_dist_0jtsec6._.js:776
[ 2871231ms] [LOG] [Fast Refresh] rebuilding @ http://localhost:3002/_next/static/chunks/0qqz_next_dist_0jtsec6._.js:776
[ 2871262ms] [LOG] [Fast Refresh] done in 15ms @ http://localhost:3002/_next/static/chunks/0qqz_next_dist_0jtsec6._.js:776
[ 2897504ms] [LOG] [Fast Refresh] done in 15ms @ http://localhost:3002/_next/static/chunks/0qqz_next_dist_0jtsec6._.js:776
[ 2897740ms] [LOG] [Fast Refresh] done in 15ms @ http://localhost:3002/_next/static/chunks/0qqz_next_dist_0jtsec6._.js:776
[ 2897818ms] [LOG] [Fast Refresh] done in 15ms @ http://localhost:3002/_next/static/chunks/0qqz_next_dist_0jtsec6._.js:776
[ 2898037ms] [LOG] [Fast Refresh] done in 15ms @ http://localhost:3002/_next/static/chunks/0qqz_next_dist_0jtsec6._.js:776
[ 2898487ms] [LOG] [Fast Refresh] done in 15ms @ http://localhost:3002/_next/static/chunks/0qqz_next_dist_0jtsec6._.js:776
[ 2898600ms] [LOG] [Fast Refresh] done in 15ms @ http://localhost:3002/_next/static/chunks/0qqz_next_dist_0jtsec6._.js:776
[ 2901675ms] [LOG] [Fast Refresh] done in 15ms @ http://localhost:3002/_next/static/chunks/0qqz_next_dist_0jtsec6._.js:776
[ 2902322ms] [LOG] [Fast Refresh] done in 15ms @ http://localhost:3002/_next/static/chunks/0qqz_next_dist_0jtsec6._.js:776
[ 2903217ms] [LOG] [Fast Refresh] done in 15ms @ http://localhost:3002/_next/static/chunks/0qqz_next_dist_0jtsec6._.js:776
[ 2903749ms] [LOG] [Fast Refresh] done in 15ms @ http://localhost:3002/_next/static/chunks/0qqz_next_dist_0jtsec6._.js:776
[ 2933136ms] [INFO] %cDownload the React DevTools for a better development experience: https://react.dev/link/react-devtools font-weight:bold @ http://localhost:3002/_next/static/chunks/0qqz_next_dist_0jtsec6._.js:776
[ 2933364ms] [LOG] [HMR] connected @ http://localhost:3002/_next/static/chunks/0qqz_next_dist_0jtsec6._.js:776
[ 3374237ms] [INFO] %cDownload the React DevTools for a better development experience: https://react.dev/link/react-devtools font-weight:bold @ http://localhost:3002/_next/static/chunks/0qqz_next_dist_0jtsec6._.js:776
[ 3374478ms] [LOG] [HMR] connected @ http://localhost:3002/_next/static/chunks/0qqz_next_dist_0jtsec6._.js:776
